// Jest Snapshot v1, https://goo.gl/fbAQLP

exports[`home 1`] = `
<View
  style={
    Object {
      "alignItems": "center",
      "flex": 1,
    }
  }
>
  <View
    style={
      Object {
        "alignItems": "center",
        "flexDirection": "row",
        "justifyContent": "space-between",
        "padding": 20,
        "width": "100%",
      }
    }
  >
    <Text
      style={
        Object {
          "fontSize": 16,
        }
      }
    >
      Coles
    </Text>
    <Text
      style={
        Object {
          "fontSize": 16,
        }
      }
    >
      29.90
    </Text>
  </View>
  <View
    style={
      Object {
        "alignItems": "center",
        "flexDirection": "row",
        "justifyContent": "space-between",
        "padding": 20,
        "width": "100%",
      }
    }
  >
    <Text
      style={
        Object {
          "fontSize": 16,
        }
      }
    >
      WWS
    </Text>
    <Text
      style={
        Object {
          "fontSize": 16,
        }
      }
    >
      29.90
    </Text>
  </View>
  <View
    style={
      Object {
        "alignItems": "center",
        "flexDirection": "row",
        "justifyContent": "space-between",
        "padding": 20,
        "width": "100%",
      }
    }
  >
    <Text
      style={
        Object {
          "fontSize": 16,
        }
      }
    >
      KFC
    </Text>
    <Text
      style={
        Object {
          "fontSize": 16,
        }
      }
    >
      13.90
    </Text>
  </View>
</View>
`;
